[21:42:39] [main/INFO]: Loading Minecraft 1.21.1 with Fabric Loader 0.18.2
[21:42:39] [ForkJoinPool-1-worker-2/WARN]: The mod "takesapillage" contains invalid entries in its mod json:
- Unsupported root entry "mc-publish" at line 51 column 17
[21:42:39] [main/INFO]: Loading 89 mods:
	- balm 21.0.56
	   \-- kuma_api 21.0.7
	- cardinal-components 6.1.3
	   |-- cardinal-components-base 6.1.3
	   |-- cardinal-components-block 6.1.3
	   |-- cardinal-components-chunk 6.1.3
	   |-- cardinal-components-entity 6.1.3
	   |-- cardinal-components-item 6.1.3
	   |-- cardinal-components-level 6.1.3
	   |-- cardinal-components-scoreboard 6.1.3
	   \-- cardinal-components-world 6.1.3
	- cloth-config 15.0.140
	   \-- cloth-basic-math 0.6.1
	- deeperdarker 1.3.3-plus-b
	   \-- customportalapi 0.0.1-beta67-1.21
	- explorations 1.21.1-1.6.2
	- explorerscompass 1.21.1-2.2.5-fabric
	- explorify 1.6.4
	- fabric-api 0.116.7+1.21.1
	   |-- fabric-api-base 0.4.42+6573ed8c19
	   |-- fabric-api-lookup-api-v1 1.6.71+b559734419
	   |-- fabric-biome-api-v1 13.0.31+d527f9fd19
	   |-- fabric-block-api-v1 1.1.0+0bc3503219
	   |-- fabric-block-view-api-v2 1.0.11+ebb2264e19
	   |-- fabric-blockrenderlayer-v1 1.1.52+0af3f5a719
	   |-- fabric-client-tags-api-v1 1.1.15+6573ed8c19
	   |-- fabric-command-api-v1 1.2.49+f71b366f19
	   |-- fabric-command-api-v2 2.2.28+6ced4dd919
	   |-- fabric-commands-v0 0.2.66+df3654b319
	   |-- fabric-content-registries-v0 8.0.19+b559734419
	   |-- fabric-convention-tags-v1 2.1.5+7f945d5b19
	   |-- fabric-convention-tags-v2 2.11.1+a406e79519
	   |-- fabric-crash-report-info-v1 0.2.29+0af3f5a719
	   |-- fabric-data-attachment-api-v1 1.4.5+6116a37819
	   |-- fabric-data-generation-api-v1 20.2.34+37516cd619
	   |-- fabric-dimensions-v1 4.0.1+65213ef819
	   |-- fabric-entity-events-v1 1.8.0+2b27e0a419
	   |-- fabric-events-interaction-v0 0.7.13+ba9dae0619
	   |-- fabric-game-rule-api-v1 1.0.53+6ced4dd919
	   |-- fabric-item-api-v1 11.2.0+3b3cb2e819
	   |-- fabric-item-group-api-v1 4.1.7+def88e3a19
	   |-- fabric-key-binding-api-v1 1.0.47+0af3f5a719
	   |-- fabric-keybindings-v0 0.2.45+df3654b319
	   |-- fabric-lifecycle-events-v1 2.6.0+0865547519
	   |-- fabric-loot-api-v2 3.0.15+3f89f5a519
	   |-- fabric-loot-api-v3 1.0.3+3f89f5a519
	   |-- fabric-message-api-v1 6.0.14+8aaf3aca19
	   |-- fabric-model-loading-api-v1 2.1.0+b4d813fc19
	   |-- fabric-networking-api-v1 4.3.0+c7469b2119
	   |-- fabric-object-builder-api-v1 15.2.1+40875a9319
	   |-- fabric-particles-v1 4.0.2+6573ed8c19
	   |-- fabric-recipe-api-v1 5.0.15+2475392c19
	   |-- fabric-registry-sync-v0 5.3.1+e3eddc2119
	   |-- fabric-renderer-api-v1 3.4.1+b4d813fc19
	   |-- fabric-renderer-indigo 1.7.1+c705a49c19
	   |-- fabric-renderer-registries-v1 3.2.69+df3654b319
	   |-- fabric-rendering-data-attachment-v1 0.3.49+73761d2e19
	   |-- fabric-rendering-fluids-v1 3.1.6+1daea21519
	   |-- fabric-rendering-v0 1.1.72+df3654b319
	   |-- fabric-rendering-v1 5.1.0+ab4c25a019
	   |-- fabric-resource-conditions-api-v1 4.3.0+8dc279b119
	   |-- fabric-resource-loader-v0 1.3.1+5b5275af19
	   |-- fabric-screen-api-v1 2.0.25+8b68f1c719
	   |-- fabric-screen-handler-api-v1 1.3.90+b559734419
	   |-- fabric-sound-api-v1 1.0.23+6573ed8c19
	   |-- fabric-transfer-api-v1 5.4.3+c24bd99419
	   \-- fabric-transitive-access-wideners-v1 6.2.0+45b9699719
	- fabricloader 0.18.2
	   \-- mixinextras 0.5.0
	- jade 15.10.4+fabric
	- java 21
	- jei 19.27.0.340
	- jeresources 1.6.0.12
	- minecraft 1.21.1
	- mr_dungeons_andtaverns 1-v4.4.4
	- mr_dungeons_andtavernsendcastlestandalone 1-v1.1
	- mr_tidal_towns 1.3.4
	- owo 0.12.15.4+1.21
	   |-- blue_endless_jankson 1.2.2
	   |-- io_wispforest_endec 0.1.5.1
	   |-- io_wispforest_endec_gson 0.1.3.1
	   |-- io_wispforest_endec_jankson 0.1.3.1
	   \-- io_wispforest_endec_netty 0.1.2
	- player-locator-plus 2.2.0
	- resourcefullib 3.0.12
	   |-- com_teamresourceful_bytecodecs 1.1.2
	   \-- com_teamresourceful_yabn 1.0.3
	- takesapillage 1.0.10
	- travelersbackpack 10.1.32
	- waystones 21.1.25
	- xaerominimap 25.3.5
	   \-- xaerolib 1.0.45
	- yet_another_config_lib_v3 3.8.2+1.21.1-fabric
	   |-- com_twelvemonkeys_common_common-image 3.12.0
	   |-- com_twelvemonkeys_common_common-io 3.12.0
	   |-- com_twelvemonkeys_common_common-lang 3.12.0
	   |-- com_twelvemonkeys_imageio_imageio-core 3.12.0
	   |-- com_twelvemonkeys_imageio_imageio-metadata 3.12.0
	   |-- com_twelvemonkeys_imageio_imageio-webp 3.12.0
	   |-- org_quiltmc_parsers_gson 0.2.1
	   \-- org_quiltmc_parsers_json 0.2.1
[21:42:39] [main/INFO]: SpongePowered MIXIN Subsystem Version=0.8.7 Source=file:/workspaces/TICCI/servidor_minecraft/libraries/net/fabricmc/sponge-mixin/0.16.5+mixin.0.8.7/sponge-mixin-0.16.5+mixin.0.8.7.jar Service=Knot/Fabric Env=SERVER
[21:42:39] [main/INFO]: Compatibility level set to JAVA_17
[21:42:39] [main/INFO]: Compatibility level set to JAVA_21
[21:42:39] [main/WARN]: Reference map 'yet_another_config_lib_v3.refmap.json' for yacl.mixins.json could not be read. If this is a development environment you can ignore this message
[21:42:39] [main/WARN]: Reference map 'yet_another_config_lib_v3.refmap.json' for yacl-fabric.mixins.json could not be read. If this is a development environment you can ignore this message
[21:42:40] [main/WARN]: Error loading class: com/tom/storagemod/block/entity/StorageTerminalBlockEntity (java.lang.ClassNotFoundException: com/tom/storagemod/block/entity/StorageTerminalBlockEntity)
[21:42:40] [main/WARN]: Error loading class: net/minecraft/class_287 (java.lang.ClassNotFoundException: net/minecraft/class_287)
[21:42:40] [main/WARN]: @Mixin target net.minecraft.class_287 was not found owo.mixins.json:BufferBuilderAccessor from mod owo
[21:42:40] [main/WARN]: Error loading class: net/minecraft/class_437 (java.lang.ClassNotFoundException: net/minecraft/class_437)
[21:42:40] [main/WARN]: @Mixin target net.minecraft.class_437 was not found owo.mixins.json:ScreenAccessor from mod owo
[21:42:40] [main/WARN]: Error loading class: xyz/nucleoid/server/translations/impl/language/SystemDelegatedLanguage (java.lang.ClassNotFoundException: xyz/nucleoid/server/translations/impl/language/SystemDelegatedLanguage)
[21:42:40] [main/INFO]: Initializing MixinExtras via com.llamalad7.mixinextras.service.MixinExtrasServiceImpl(version=0.5.0).
[21:42:47] [main/ERROR]: No data fixer registered for deeperdarker:angler_fish
[21:42:47] [main/ERROR]: No data fixer registered for deeperdarker:sculk_centipede
[21:42:47] [main/ERROR]: No data fixer registered for deeperdarker:sculk_leech
[21:42:47] [main/ERROR]: No data fixer registered for deeperdarker:sculk_snapper
[21:42:47] [main/ERROR]: No data fixer registered for deeperdarker:shattered
[21:42:47] [main/ERROR]: No data fixer registered for deeperdarker:shriek_worm
[21:42:47] [main/ERROR]: No data fixer registered for deeperdarker:sludge
[21:42:47] [main/ERROR]: No data fixer registered for deeperdarker:stalker
[21:42:47] [main/ERROR]: No data fixer registered for crystallized_amber
[21:42:47] [main/ERROR]: No data fixer registered for sculk_jaw
[21:42:47] [main/INFO]: assume less - mald more
[21:42:47] [main/INFO]: hi!
[21:42:47] [main/INFO]: Deserializing ItTakesPillageConfig from 'config/takesapillage.json'
[21:42:47] [main/ERROR]: No data fixer registered for 
[21:42:48] [main/INFO]: Registered the FluidEffect with Unique ID of minecraft:water for Water (Fluid Amount Required: 81000) with the ID 0
[21:42:48] [main/INFO]: Registered the FluidEffect with Unique ID of minecraft:lava for Lava (Fluid Amount Required: 81000) with the ID 1
[21:42:48] [main/INFO]: Registered the FluidEffect with Unique ID of travelersbackpack:potion for block.travelersbackpack.potion_still (Fluid Amount Required: 27000) with the ID 2
[21:42:48] [main/INFO]: Registered the FluidEffect with Unique ID of minecraft:milk for Air (Fluid Amount Required: 81000) with the ID 3
[21:42:48] [main/INFO]: Registering common data for channel xaerolib:main!
[21:42:48] [main/INFO]: Loading primary common config for channel xaerolib:main!
[21:42:48] [main/INFO]: Loading server config profiles for channel xaerolib:main!
[21:42:48] [main/INFO]: Loading XaeroLib common 1/2!
[21:42:48] [main/INFO]: Loading XaeroLib server 1/2!
[21:42:48] [main/INFO]: Registering common data for channel xaerominimap:main!
[21:42:48] [main/INFO]: Loading primary common config for channel xaerominimap:main!
[21:42:48] [main/INFO]: Loading server config profiles for channel xaerominimap:main!
[21:42:48] [main/INFO]: Loading Xaero's Minimap - Stage 1/2 (Server)
[21:42:48] [main/INFO]: Environment: Environment[sessionHost=https://sessionserver.mojang.com, servicesHost=https://api.minecraftservices.com, name=PROD]
[21:42:50] [main/INFO]: Loaded 1701 recipes
[21:42:50] [main/ERROR]: Couldn't load advancements: [minecraft:wander_add_map, minecraft:give_quest_trader_trade]
[21:42:50] [main/INFO]: Loaded 1878 advancements
[21:42:51] [main/INFO]: Applied 91 biome modifications to 63 of 68 new biomes in 7.555 ms
[21:42:51] [Server thread/INFO]: Config 'explorations.json' was successfully loaded.
[21:42:51] [Server thread/INFO]: Added statues to vanilla villages
[21:42:51] [Server thread/INFO]: Loading XaeroLib common 2/2!
[21:42:51] [Server thread/INFO]: Loading XaeroLib server 2/2!
[21:42:51] [Server thread/INFO]: Starting minecraft server version 1.21.1
[21:42:51] [Server thread/INFO]: Loading properties
[21:42:51] [Server thread/INFO]: Default game type: SURVIVAL
[21:42:51] [Server thread/INFO]: Generating keypair
[21:42:52] [Server thread/INFO]: Starting Minecraft server on *:25565
[21:42:52] [Server thread/INFO]: Using epoll channel type
[21:42:52] [Server thread/WARN]: **** SERVER IS RUNNING IN OFFLINE/INSECURE MODE!
[21:42:52] [Server thread/WARN]: The server will make no attempt to authenticate usernames. Beware.
[21:42:52] [Server thread/WARN]: While this makes the game possible to play without internet access, it also opens up the ability for hackers to connect with any username they choose.
[21:42:52] [Server thread/WARN]: To change this, set "online-mode" to "true" in the server.properties file.
[21:42:52] [Server thread/INFO]: Preparing level "world"
[21:42:59] [Server thread/INFO]: Preparing start region for dimension minecraft:overworld
[21:43:00] [Worker-Main-1/INFO]: Preparing spawn area: 0%
[21:43:00] [Worker-Main-1/INFO]: Preparing spawn area: 0%
[21:43:00] [Worker-Main-1/INFO]: Preparing spawn area: 0%
[21:43:01] [Worker-Main-1/INFO]: Preparing spawn area: 0%
[21:43:01] [Worker-Main-2/INFO]: Preparing spawn area: 0%
[21:43:01] [Server thread/INFO]: Time elapsed: 2462 ms
[21:43:01] [Server thread/INFO]: Done (9.513s)! For help, type "help"
[21:43:02] [Server thread/INFO]: Start loading plugin from Balm: net.blay09.mods.balm.fabric.compat.hudinfo.FabricJadeModCompat
[21:43:02] [Server thread/INFO]: Start loading plugin from Jade: snownee.jade.addon.core.CorePlugin
[21:43:02] [Server thread/INFO]: Start loading plugin from Jade: snownee.jade.addon.vanilla.VanillaPlugin
[21:43:02] [Server thread/INFO]: Start loading plugin from Jade: snownee.jade.addon.universal.UniversalPlugin
[21:43:02] [Server thread/INFO]: Start loading plugin from Jade: snownee.jade.addon.access.AccessibilityPlugin
[21:43:02] [Server thread/INFO]: Start loading plugin from Jade: snownee.jade.addon.debug.DebugPlugin
[21:43:02] [Server thread/INFO]: Start loading plugin from Waystones: net.blay09.mods.waystones.compat.JadeIntegration
[21:43:02] [Server thread/INFO]: Loading Xaero's Minimap - Stage 2/2 (Server)
[21:43:13] [Server thread/INFO]: [Not Secure] [Server] xd
[21:43:42] [Server thread/INFO]: com.mojang.authlib.GameProfile@345773c2[id=b35cfa40-2fd1-3720-acfd-b0869cc093a4,name=Fioki,properties={}] lost connection: Disconnected
[21:43:46] [Server thread/INFO]: com.mojang.authlib.GameProfile@2073a0cf[id=b35cfa40-2fd1-3720-acfd-b0869cc093a4,name=Fioki,properties={}] lost connection: Disconnected
[21:44:14] [Server thread/INFO]: skrolks[/127.70.107.52:59183] logged in with entity id 25 at (257.63814499406266, -41.0, 977.4062462966688)
[21:44:14] [Server thread/INFO]: Loading config from file...
[21:44:14] [Server thread/INFO]: skrolks joined the game
[21:44:15] [Server thread/INFO]: com.mojang.authlib.GameProfile@35d36d74[id=b35cfa40-2fd1-3720-acfd-b0869cc093a4,name=Fioki,properties={}] lost connection: Disconnected
[21:44:21] [Server thread/INFO]: [Not Secure] [Server] f
[21:44:42] [Server thread/INFO]: [Not Secure] [Server] los zips
[21:44:48] [Server thread/INFO]: [Not Secure] [Server] dile
[21:48:39] [Server thread/WARN]: skrolks moved too quickly! -2.4894078284045804,-0.7287758923075103,9.729483301027471
[21:50:53] [Server thread/INFO]: [Not Secure] [Server] xd
[21:53:37] [Server thread/INFO]: [Not Secure] [Server] el mod del minimapa le mandaste
[21:53:47] [Server thread/INFO]: [Not Secure] <skrolks> si
[21:53:58] [Server thread/INFO]: [Not Secure] <skrolks> encontre un castillo
[21:54:00] [Server thread/INFO]: [Not Secure] <skrolks> XD
[21:54:04] [Server thread/INFO]: [Not Secure] <skrolks> ahora me quieren detonar
[21:54:23] [Server thread/INFO]: [Not Secure] [Server] xd
[21:55:03] [Worker-Main-1/ERROR]: Block-attached entity at invalid position: class_2338{x=217, y=48, z=159}
[21:55:18] [Server thread/INFO]: LenzGOTY[/127.54.253.16:33055] logged in with entity id 3301 at (308.1559731142031, -45.0, 955.4728448528529)
[21:55:18] [Server thread/INFO]: Loading config from file...
[21:55:18] [Server thread/INFO]: LenzGOTY joined the game
[21:55:53] [Server thread/INFO]: skrolks lost connection: Disconnected
[21:55:53] [Server thread/INFO]: skrolks left the game
[21:56:05] [Server thread/INFO]: skrolks[/127.70.107.52:46347] logged in with entity id 3798 at (40.463660778815644, 80.0, 1229.2036134161503)
[21:56:05] [Server thread/INFO]: Loading config from file...
[21:56:05] [Server thread/INFO]: skrolks joined the game
[21:56:37] [Server thread/INFO]: skrolks lost connection: Disconnected
[21:56:37] [Server thread/INFO]: skrolks left the game
[22:02:13] [Server thread/INFO]: skrolks[/127.70.107.52:49215] logged in with entity id 4878 at (41.7370234093299, 78.0, 1233.3414114651268)
[22:02:13] [Server thread/INFO]: Loading config from file...
[22:02:13] [Server thread/INFO]: skrolks joined the game
[22:03:25] [Server thread/INFO]: LenzGOTY lost connection: Disconnected
[22:03:25] [Server thread/INFO]: LenzGOTY left the game
[22:04:55] [Server thread/INFO]: skrolks has made the advancement [Eh-eh-oh, eh-oh]
[22:13:44] [Server thread/INFO]: skrolks lost connection: Timed out
[22:13:44] [Server thread/INFO]: skrolks left the game
[22:13:44] [Server thread/WARN]: handleDisconnection() called twice
[22:14:02] [Server thread/INFO]: skrolks[/127.63.57.8:48111] logged in with entity id 8142 at (144.8260007638208, 78.0, 1316.9173791414514)
[22:14:02] [Server thread/INFO]: Loading config from file...
[22:14:02] [Server thread/INFO]: skrolks joined the game
[22:15:30] [Server thread/INFO]: skrolks was doomed to fall by Pillager
[22:15:30] [Server thread/INFO]: Created new backpack backup file for skrolks with unique ID travelersbackpack.standard_21.01.2026-22.15.30.dat
[22:15:30] [Server thread/INFO]: Created new backpack backup file for skrolks with unique ID travelersbackpack.standard_21.01.2026-22.15.30.dat
[22:15:30] [Server thread/INFO]: Your backpack has been placed at X: 109 Y: 65 Z: 1372
[22:15:55] [Server thread/WARN]: skrolks moved too quickly! 0.033829895069459326,-2.4873954154779625,9.774157186542425
[22:17:16] [Server thread/INFO]: [Not Secure] [Server] eh oh
[22:17:34] [Server thread/INFO]: skrolks was chopped to bits by Skirmisher
[22:20:04] [Server thread/INFO]: skrolks was chopped to bits by Skirmisher
[22:20:20] [Server thread/WARN]: skrolks moved too quickly! -0.8349563960193223,0.8322033533667508,10.193837327949154
[22:24:12] [Server thread/INFO]: LenzGOTY[/127.234.133.57:51905] logged in with entity id 14320 at (288.7535382487505, -44.0, 984.780583386884)
[22:24:12] [Server thread/INFO]: Loading config from file...
[22:24:12] [Server thread/INFO]: LenzGOTY joined the game
